   1              		.file	"int.c"
   2              		.option nopic
   3              		.section	.text.ISR_I2C,"ax",@progbits
   4              		.align	1
   5              		.weak	ISR_I2C
   7              	ISR_I2C:
   8              	.L2:
   9 0000 01A0     		j	.L2
  11              		.section	.text.ISR_UART,"ax",@progbits
  12              		.align	1
  13              		.weak	ISR_UART
  15              	ISR_UART:
  16              	.L5:
  17 0000 01A0     		j	.L5
  19              		.section	.text.ISR_GPIO,"ax",@progbits
  20              		.align	1
  21              		.weak	ISR_GPIO
  23              	ISR_GPIO:
  24              	.L7:
  25 0000 01A0     		j	.L7
  27              		.section	.text.ISR_SPIM0,"ax",@progbits
  28              		.align	1
  29              		.weak	ISR_SPIM0
  31              	ISR_SPIM0:
  32              	.L9:
  33 0000 01A0     		j	.L9
  35              		.section	.text.ISR_SPIM1,"ax",@progbits
  36              		.align	1
  37              		.weak	ISR_SPIM1
  39              	ISR_SPIM1:
  40              	.L11:
  41 0000 01A0     		j	.L11
  43              		.section	.text.ISR_TA_OVF,"ax",@progbits
  44              		.align	1
  45              		.weak	ISR_TA_OVF
  47              	ISR_TA_OVF:
  48              	.L13:
  49 0000 01A0     		j	.L13
  51              		.section	.text.ISR_TA_CMP,"ax",@progbits
  52              		.align	1
  53              		.weak	ISR_TA_CMP
  55              	ISR_TA_CMP:
  56              	.L15:
  57 0000 01A0     		j	.L15
  59              		.section	.text.ISR_TB_OVF,"ax",@progbits
  60              		.align	1
  61              		.weak	ISR_TB_OVF
  63              	ISR_TB_OVF:
  64              	.L17:
  65 0000 01A0     		j	.L17
  67              		.section	.text.ISR_TB_CMP,"ax",@progbits
  68              		.align	1
  69              		.weak	ISR_TB_CMP
  71              	ISR_TB_CMP:
  72              	.L19:
  73 0000 01A0     		j	.L19
  75              		.ident	"GCC: (GNU) 7.1.1 20170509"
DEFINED SYMBOLS
                            *ABS*:0000000000000000 int.c
     /tmp/ccB75Bak.s:7      .text.ISR_I2C:0000000000000000 ISR_I2C
     /tmp/ccB75Bak.s:15     .text.ISR_UART:0000000000000000 ISR_UART
     /tmp/ccB75Bak.s:23     .text.ISR_GPIO:0000000000000000 ISR_GPIO
     /tmp/ccB75Bak.s:31     .text.ISR_SPIM0:0000000000000000 ISR_SPIM0
     /tmp/ccB75Bak.s:39     .text.ISR_SPIM1:0000000000000000 ISR_SPIM1
     /tmp/ccB75Bak.s:47     .text.ISR_TA_OVF:0000000000000000 ISR_TA_OVF
     /tmp/ccB75Bak.s:55     .text.ISR_TA_CMP:0000000000000000 ISR_TA_CMP
     /tmp/ccB75Bak.s:63     .text.ISR_TB_OVF:0000000000000000 ISR_TB_OVF
     /tmp/ccB75Bak.s:71     .text.ISR_TB_CMP:0000000000000000 ISR_TB_CMP
     /tmp/ccB75Bak.s:8      .text.ISR_I2C:0000000000000000 .L2
     /tmp/ccB75Bak.s:16     .text.ISR_UART:0000000000000000 .L5
     /tmp/ccB75Bak.s:24     .text.ISR_GPIO:0000000000000000 .L7
     /tmp/ccB75Bak.s:32     .text.ISR_SPIM0:0000000000000000 .L9
     /tmp/ccB75Bak.s:40     .text.ISR_SPIM1:0000000000000000 .L11
     /tmp/ccB75Bak.s:48     .text.ISR_TA_OVF:0000000000000000 .L13
     /tmp/ccB75Bak.s:56     .text.ISR_TA_CMP:0000000000000000 .L15
     /tmp/ccB75Bak.s:64     .text.ISR_TB_OVF:0000000000000000 .L17
     /tmp/ccB75Bak.s:72     .text.ISR_TB_CMP:0000000000000000 .L19

NO UNDEFINED SYMBOLS
