
舍弃的输入节

 .text          0x0000000000000000        0x0 ../lib/exceptions.o
 .data          0x0000000000000000        0x0 ../lib/exceptions.o
 .bss           0x0000000000000000        0x0 ../lib/exceptions.o
 .text.default_exception_handler_c
                0x0000000000000000        0x2 ../lib/exceptions.o
 .text          0x0000000000000000        0x0 ../lib/gpio.o
 .data          0x0000000000000000        0x0 ../lib/gpio.o
 .bss           0x0000000000000000        0x0 ../lib/gpio.o
 .text.set_gpio_pin_direction
                0x0000000000000000       0x3a ../lib/gpio.o
 .text.get_gpio_pin_direction
                0x0000000000000000       0x20 ../lib/gpio.o
 .text.set_gpio_pin_value
                0x0000000000000000       0x3a ../lib/gpio.o
 .text.get_gpio_pin_value
                0x0000000000000000       0x1c ../lib/gpio.o
 .text.set_gpio_pin_irq_en
                0x0000000000000000       0x22 ../lib/gpio.o
 .text.set_gpio_pin_irq_type
                0x0000000000000000       0x46 ../lib/gpio.o
 .text.get_gpio_irq_status
                0x0000000000000000        0x8 ../lib/gpio.o
 .comment       0x0000000000000000       0x1b ../lib/gpio.o
 .Pulp_Chip.Info
                0x0000000000000000        0x0 ../lib/gpio.o
 .text          0x0000000000000000        0x0 ../lib/int.o
 .data          0x0000000000000000        0x0 ../lib/int.o
 .bss           0x0000000000000000        0x0 ../lib/int.o
 .text          0x0000000000000000        0x0 ../lib/qprintf.o
 .data          0x0000000000000000        0x0 ../lib/qprintf.o
 .bss           0x0000000000000000        0x0 ../lib/qprintf.o
 .text.qprinti.constprop.1
                0x0000000000000000      0x2c6 ../lib/qprintf.o
 .text.putchar  0x0000000000000000       0x1e ../lib/qprintf.o
 .text.printf   0x0000000000000000      0x6d6 ../lib/qprintf.o
 .text.strcmp   0x0000000000000000       0xa0 ../lib/qprintf.o
 .text.memset   0x0000000000000000       0x20 ../lib/qprintf.o
 .text.strcpy   0x0000000000000000       0x16 ../lib/qprintf.o
 .text.strlen   0x0000000000000000       0x1c ../lib/qprintf.o
 .data.remu10_table
                0x0000000000000000       0x10 ../lib/qprintf.o
 .rodata.printf.str1.4
                0x0000000000000000        0x7 ../lib/qprintf.o
 .text          0x0000000000000000        0x0 ../lib/timer.o
 .data          0x0000000000000000        0x0 ../lib/timer.o
 .bss           0x0000000000000000        0x0 ../lib/timer.o
 .text.reset_timer
                0x0000000000000000        0xa ../lib/timer.o
 .text.start_timer
                0x0000000000000000        0xa ../lib/timer.o
 .text.stop_timer
                0x0000000000000000        0xa ../lib/timer.o
 .text.get_time
                0x0000000000000000        0x8 ../lib/timer.o
 .text.set_timer_cmp
                0x0000000000000000        0x8 ../lib/timer.o
 .comment       0x0000000000000000       0x1b ../lib/timer.o
 .Pulp_Chip.Info
                0x0000000000000000        0x0 ../lib/timer.o
 .text          0x0000000000000000        0x0 ../lib/uart.o
 .data          0x0000000000000000        0x0 ../lib/uart.o
 .bss           0x0000000000000000        0x0 ../lib/uart.o
 .text.uart_set_cfg
                0x0000000000000000       0x38 ../lib/uart.o
 .text.uart_send
                0x0000000000000000       0x30 ../lib/uart.o
 .text.uart_getchar
                0x0000000000000000       0x18 ../lib/uart.o
 .text          0x0000000000000000        0x0 ../lib/utils.o
 .data          0x0000000000000000        0x0 ../lib/utils.o
 .bss           0x0000000000000000        0x0 ../lib/utils.o
 .text.eoc      0x0000000000000000        0x2 ../lib/utils.o
 .text.sleep_busy
                0x0000000000000000       0x1a ../lib/utils.o
 .text.cpu_perf_set
                0x0000000000000000       0x10 ../lib/utils.o
 .text.cpu_perf_get
                0x0000000000000000       0x96 ../lib/utils.o
 .rodata.cpu_perf_get
                0x0000000000000000       0x40 ../lib/utils.o
 .rodata.cpu_perf_get.str1.4
                0x0000000000000000       0x1a ../lib/utils.o
 .rodata.cpu_perf_set.str1.4
                0x0000000000000000       0x22 ../lib/utils.o
 .data          0x0000000000000000        0x0 ../lib/crt0.riscv.o
 .bss           0x0000000000000000        0x0 ../lib/crt0.riscv.o
 .text          0x0000000000000000        0x0 ../src/gpio_test/gpio.o
 .data          0x0000000000000000        0x0 ../src/gpio_test/gpio.o
 .bss           0x0000000000000000        0x0 ../src/gpio_test/gpio.o

内存配置

名称           来源             长度             属性
instrram         0x0000000000000000 0x0000000000080000
dataram          0x0000000000100000 0x0000000000080000
stack            0x0000000000180000 0x0000000000010000
*default*        0x0000000000000000 0xffffffffffffffff

链结器命令稿和内存映射

LOAD ../lib/exceptions.o
LOAD ../lib/gpio.o
LOAD ../lib/int.o
LOAD ../lib/qprintf.o
LOAD ../lib/timer.o
LOAD ../lib/uart.o
LOAD ../lib/utils.o
LOAD ../lib/crt0.riscv.o
LOAD ../src/gpio_test/gpio.o
LOAD /opt/pulp/lib/gcc/riscv32-unknown-elf/7.1.1/libgcc.a
START GROUP
LOAD /opt/pulp/lib/gcc/riscv32-unknown-elf/7.1.1/../../../../riscv32-unknown-elf/lib/libc.a
LOAD /opt/pulp/lib/gcc/riscv32-unknown-elf/7.1.1/../../../../riscv32-unknown-elf/lib/libgloss.a
END GROUP
LOAD /opt/pulp/lib/gcc/riscv32-unknown-elf/7.1.1/libgcc.a
START GROUP
LOAD /opt/pulp/lib/gcc/riscv32-unknown-elf/7.1.1/../../../../riscv32-unknown-elf/lib/libc.a
LOAD /opt/pulp/lib/gcc/riscv32-unknown-elf/7.1.1/../../../../riscv32-unknown-elf/lib/libgloss.a
LOAD /opt/pulp/lib/gcc/riscv32-unknown-elf/7.1.1/libgcc.a
LOAD /opt/pulp/lib/gcc/riscv32-unknown-elf/7.1.1/../../../../riscv32-unknown-elf/lib/libsupc++.a
END GROUP
                0x0000000000000000                __DYNAMIC = 0x0
                0x0000000000001000                _min_stack = 0x1000
                0x0000000000010000                _stack_len = LENGTH (stack)
                0x0000000000190000                _stack_start = (ORIGIN (stack) + LENGTH (stack))

.vectors        0x0000000000000000       0x8c
                0x0000000000000000                . = ALIGN (0x4)
 *(.vectors)
 .vectors       0x0000000000000000       0x8c ../lib/crt0.riscv.o

.text           0x000000000000008c      0x204
                0x000000000000008c                . = ALIGN (0x4)
                0x000000000000008c                _stext = .
 *(.text)
 .text          0x000000000000008c      0x1f4 ../lib/crt0.riscv.o
                0x00000000000000d4                _start
                0x000000000000027e                _init
                0x000000000000027e                _fini
                0x0000000000000280                _etext = .
                0x0000000000000280                __CTOR_LIST__ = .
                0x0000000000000280        0x4 LONG 0x0 (((__CTOR_END__ - __CTOR_LIST__) / 0x4) - 0x2)
 *(.ctors)
                0x0000000000000284        0x4 LONG 0x0
                0x0000000000000288                __CTOR_END__ = .
                0x0000000000000288                __DTOR_LIST__ = .
                0x0000000000000288        0x4 LONG 0x0 (((__DTOR_END__ - __DTOR_LIST__) / 0x4) - 0x2)
 *(.dtors)
                0x000000000000028c        0x4 LONG 0x0
                0x0000000000000290                __DTOR_END__ = .
 *(.lit)
 *(.shdata)
                0x0000000000000290                _endtext = .

.text.illegal_insn_handler_c
                0x0000000000000290        0x2
 .text.illegal_insn_handler_c
                0x0000000000000290        0x2 ../lib/exceptions.o
                0x0000000000000290                illegal_insn_handler_c

.text.ecall_insn_handler_c
                0x0000000000000292        0x2
 .text.ecall_insn_handler_c
                0x0000000000000292        0x2 ../lib/exceptions.o
                0x0000000000000292                ecall_insn_handler_c

.text.ISR_I2C   0x0000000000000294        0x2
 .text.ISR_I2C  0x0000000000000294        0x2 ../lib/int.o
                0x0000000000000294                ISR_I2C

.text.ISR_UART  0x0000000000000296        0x2
 .text.ISR_UART
                0x0000000000000296        0x2 ../lib/int.o
                0x0000000000000296                ISR_UART

.text.ISR_GPIO  0x0000000000000298        0x2
 .text.ISR_GPIO
                0x0000000000000298        0x2 ../lib/int.o
                0x0000000000000298                ISR_GPIO

.text.ISR_SPIM0
                0x000000000000029a        0x2
 .text.ISR_SPIM0
                0x000000000000029a        0x2 ../lib/int.o
                0x000000000000029a                ISR_SPIM0

.text.ISR_SPIM1
                0x000000000000029c        0x2
 .text.ISR_SPIM1
                0x000000000000029c        0x2 ../lib/int.o
                0x000000000000029c                ISR_SPIM1

.text.ISR_TA_OVF
                0x000000000000029e        0x2
 .text.ISR_TA_OVF
                0x000000000000029e        0x2 ../lib/int.o
                0x000000000000029e                ISR_TA_OVF

.text.ISR_TA_CMP
                0x00000000000002a0        0x2
 .text.ISR_TA_CMP
                0x00000000000002a0        0x2 ../lib/int.o
                0x00000000000002a0                ISR_TA_CMP

.text.ISR_TB_OVF
                0x00000000000002a2        0x2
 .text.ISR_TB_OVF
                0x00000000000002a2        0x2 ../lib/int.o
                0x00000000000002a2                ISR_TB_OVF

.text.ISR_TB_CMP
                0x00000000000002a4        0x2
 .text.ISR_TB_CMP
                0x00000000000002a4        0x2 ../lib/int.o
                0x00000000000002a4                ISR_TB_CMP

.text.puts      0x00000000000002a6       0x32
 .text.puts     0x00000000000002a6       0x32 ../lib/qprintf.o
                0x00000000000002a6                puts

.text.uart_sendchar
                0x00000000000002d8       0x14
 .text.uart_sendchar
                0x00000000000002d8       0x14 ../lib/uart.o
                0x00000000000002d8                uart_sendchar

.text.uart_wait_tx_done
                0x00000000000002ec       0x10
 .text.uart_wait_tx_done
                0x00000000000002ec       0x10 ../lib/uart.o
                0x00000000000002ec                uart_wait_tx_done

.text.exit      0x00000000000002fc        0x2
 .text.exit     0x00000000000002fc        0x2 ../lib/utils.o
                0x00000000000002fc                exit

.text.startup.main
                0x00000000000002fe       0x10
 .text.startup.main
                0x00000000000002fe       0x10 ../src/gpio_test/gpio.o
                0x00000000000002fe                main

.preinit_array  0x0000000000100000        0x0
                [!provide]                        PROVIDE (__preinit_array_start, .)
 *(.preinit_array)
                [!provide]                        PROVIDE (__preinit_array_end, .)

.init_array     0x0000000000100000        0x0
                [!provide]                        PROVIDE (__init_array_start, .)
 *(SORT(.init_array.*))
 *(.init_array)
                [!provide]                        PROVIDE (__init_array_end, .)

.fini_array     0x0000000000100000        0x0
                [!provide]                        PROVIDE (__fini_array_start, .)
 *(SORT(.fini_array.*))
 *(.fini_array)
                [!provide]                        PROVIDE (__fini_array_end, .)

.rodata         0x0000000000100000       0x10
                0x0000000000100000                . = ALIGN (0x4)
 *(.rodata)
 *(.rodata.*)
 .rodata.main.str1.4
                0x0000000000100000       0x10 ../src/gpio_test/gpio.o
                                          0xd (松开之前的大小)

.rela.dyn       0x0000000000100010        0x0
 .rela.text.qprinti.constprop.1
                0x0000000000100010        0x0 ../lib/exceptions.o
 .rela.text.putchar
                0x0000000000100010        0x0 ../lib/exceptions.o
 .rela.text.printf
                0x0000000000100010        0x0 ../lib/exceptions.o
 .rela.text.puts
                0x0000000000100010        0x0 ../lib/exceptions.o
 .rela.text     0x0000000000100010        0x0 ../lib/exceptions.o

.shbss          0x0000000000100010        0x0
                0x0000000000100010                . = ALIGN (0x4)
 *(.shbss)

.data           0x0000000000100010        0x0
                0x0000000000100010                . = ALIGN (0x4)
                0x0000000000100010                sdata = .
                0x0000000000100010                _sdata = .
 *(.data)
 *(.data.*)
                0x0000000000100010                edata = .
                0x0000000000100010                _edata = .

.bss            0x0000000000100010        0x0
                0x0000000000100010                . = ALIGN (0x4)
                0x0000000000100010                _bss_start = .
 *(.bss)
 *(.bss.*)
 *(.sbss)
 *(.sbss.*)
 *(COMMON)
                0x0000000000100010                _bss_end = .
                0x0000000000100010                . = ALIGN (0x4)
                0x0000000000100010                _end = .

.stack          0x0000000000180000     0x1000
                0x0000000000180000                . = ALIGN (0x4)
                0x0000000000181000                . = (. + _min_stack)
 *fill*         0x0000000000180000     0x1000 
                0x0000000000181000                . = ALIGN (0x4)
                0x0000000000181000                stack = .
                0x0000000000181000                _stack = .

.stab
 *(.stab)

.stabstr
 *(.stabstr)
OUTPUT(gpio_test_bench.elf elf32-littleriscv)

.comment        0x0000000000000000       0x1a
 .comment       0x0000000000000000       0x1a ../lib/exceptions.o
                                         0x1b (松开之前的大小)
 .comment       0x000000000000001a       0x1b ../lib/int.o
 .comment       0x000000000000001a       0x1b ../lib/qprintf.o
 .comment       0x000000000000001a       0x1b ../lib/uart.o
 .comment       0x000000000000001a       0x1b ../lib/utils.o
 .comment       0x000000000000001a       0x1b ../src/gpio_test/gpio.o

.Pulp_Chip.Info
                0x0000000000000000       0x4e
 .Pulp_Chip.Info
                0x0000000000000000       0x4e ../lib/exceptions.o
 .Pulp_Chip.Info
                0x000000000000004e        0x0 ../lib/int.o
 .Pulp_Chip.Info
                0x000000000000004e        0x0 ../lib/qprintf.o
 .Pulp_Chip.Info
                0x000000000000004e        0x0 ../lib/uart.o
 .Pulp_Chip.Info
                0x000000000000004e        0x0 ../lib/utils.o
 .Pulp_Chip.Info
                0x000000000000004e        0x0 ../lib/crt0.riscv.o
 .Pulp_Chip.Info
                0x000000000000004e        0x0 ../src/gpio_test/gpio.o
